I'm sorry, but errors were detected in your script. Please correct the
errors listed below, and try again.


File "game/screens.rpy", line 258: style property text_yalign is not known.
    text_yalign 0.1
               ^

Ren'Py Version: Ren'Py 8.3.4.24120703
Tue Sep  9 21:30:06 2025
